// Jest Snapshot v1, https://goo.gl/fbAQLP

exports[`App should be correct rendered app 1`] = `"qmt2axAqILcIxnEhDg7kHBTHyNA="`;
